// Jest Snapshot v1, https://goo.gl/fbAQLP

exports[`renders correctly 1`] = `
<Image
  source={
    Object {
      "uri": undefined,
    }
  }
  style={
    Object {
      "height": 150,
      "width": 150,
    }
  }
/>
`;

exports[`renders correctly 2`] = `
<RCTScrollView>
  <View>
    <View
      style={
        Object {
          "flex": 1,
          "marginTop": 20,
        }
      }
    >
      <TextInput
        allowFontScaling={true}
        onChangeText={[Function]}
        onSubmitEditing={[Function]}
        placeholder="Vous recherchez ...."
        style={
          Object {
            "borderColor": "#000000",
            "borderWidth": 1,
            "height": 50,
            "padding": 10,
            "paddingLeft": 5,
            "width": 730,
          }
        }
        underlineColorAndroid="transparent"
      />
      <View
        accessibilityComponentType="button"
        accessibilityTraits={
          Array [
            "button",
          ]
        }
        accessible={true}
        isTVSelectable={true}
        onResponderGrant={[Function]}
        onResponderMove={[Function]}
        onResponderRelease={[Function]}
        onResponderTerminate={[Function]}
        onResponderTerminationRequest={[Function]}
        onStartShouldSetResponder={[Function]}
        style={
          Object {
            "opacity": 1,
          }
        }
      >
        <View
          style={
            Array [
              Object {},
            ]
          }
        >
          <Text
            style={
              Array [
                Object {
                  "color": "#007AFF",
                  "fontSize": 18,
                  "padding": 8,
                  "textAlign": "center",
                },
              ]
            }
          >
            Rechercher
          </Text>
        </View>
      </View>
    </View>
  </View>
</RCTScrollView>
`;
